Calling super().encode with {'add_special_tokens': False}
Calling super().encode with {'add_special_tokens': False}
Calling super().encode with {'add_special_tokens': False}
Calling super().encode with {'add_special_tokens': False}
Calling super().encode with {'add_special_tokens': False}

============ Serving Benchmark Result ============
Backend:                                 sgl-jax   
Traffic request rate:                    inf       
Max request concurrency:                 32        
Successful requests:                     160       
Benchmark duration (s):                  36.74     
Total input tokens:                      54026     
Total input text tokens:                 54026     
Total generated tokens:                  34589     
Total generated tokens (retokenized):    33762     
Total cached tokens:                     0         
Cache hit rate:                          0.0000    
Request throughput (req/s):              4.35      
Input token throughput (tok/s):          1470.50   
Output token throughput (tok/s):         941.46    
Peak output token throughput (tok/s):    1593.00   
Peak concurrent requests:                40        
Total token throughput (tok/s):          2411.96   
Concurrency:                             25.28     
----------------End-to-End Latency----------------
Mean E2E Latency (ms):                   5804.75   
Median E2E Latency (ms):                 4746.28   
P90 E2E Latency (ms):                    14036.65  
P99 E2E Latency (ms):                    24083.79  
---------------Time to First Token----------------
Mean TTFT (ms):                          305.47    
Median TTFT (ms):                        163.65    
P99 TTFT (ms):                           1171.38   
-----Time per Output Token (excl. 1st token)------
Mean TPOT (ms):                          29.64     
Median TPOT (ms):                        28.86     
P99 TPOT (ms):                           106.57    
---------------Inter-Token Latency----------------
Mean ITL (ms):                           25.53     
Median ITL (ms):                         16.36     
P95 ITL (ms):                            100.74    
P99 ITL (ms):                            146.45    
Max ITL (ms):                            1053.48   
==================================================
